Archive member included to satisfy reference by file (symbol)

/usr/lib/gcc/avr/7.4.0/avr51/libgcc.a(_exit.o)
                              /usr/lib/gcc/avr/7.4.0/../../../../avr/lib/avr51/crtat90usb1286.o (exit)
/usr/lib/gcc/avr/7.4.0/avr51/libgcc.a(_tablejump2.o)
                              default/usb_standard_request.o (__tablejump2__)
/usr/lib/gcc/avr/7.4.0/avr51/libgcc.a(_copy_data.o)
                              default/keyboard_task.o (__do_copy_data)
/usr/lib/gcc/avr/7.4.0/avr51/libgcc.a(_clear_bss.o)
                              default/keyboard_task.o (__do_clear_bss)

Allocating common symbols
Common symbol       size              file

endpoint_status     0x7               default/usb_standard_request.o
usb_key_pointer     0x2               default/keyboard_task.o
usb_data_to_send    0x2               default/keyboard_task.o
cpt_sof             0x1               default/keyboard_task.o
usb_configuration_nb
                    0x1               default/usb_standard_request.o
usb_key             0x1               default/keyboard_task.o
usb_kbd_state       0x1               default/keyboard_task.o
data_to_transfer    0x1               default/usb_standard_request.o
key_hit             0x1               default/keyboard_task.o
pbuffer             0x2               default/usb_standard_request.o
transmit_no_key     0x1               default/keyboard_task.o

Discarded input sections

 .data          0x0000000000000000        0x0 /usr/lib/gcc/avr/7.4.0/../../../../avr/lib/avr51/crtat90usb1286.o
 .bss           0x0000000000000000        0x0 /usr/lib/gcc/avr/7.4.0/../../../../avr/lib/avr51/crtat90usb1286.o
 .text          0x0000000000000000        0x0 default/wdt_drv.o
 .data          0x0000000000000000        0x0 default/wdt_drv.o
 .bss           0x0000000000000000        0x0 default/wdt_drv.o
 .text.wdtdrv_enable
                0x0000000000000000       0x2c default/wdt_drv.o
 .text.wdtdrv_interrupt_enable
                0x0000000000000000       0x2c default/wdt_drv.o
 .text.wdtdrv_interrupt_reset_enable
                0x0000000000000000       0x2e default/wdt_drv.o
 .text          0x0000000000000000        0x0 default/keyboard_task.o
 .text.vbus_off_action
                0x0000000000000000        0xc default/keyboard_task.o
 .text          0x0000000000000000        0x0 default/power_drv.o
 .data          0x0000000000000000        0x0 default/power_drv.o
 .bss           0x0000000000000000        0x0 default/power_drv.o
 .text.set_idle_mode
                0x0000000000000000        0xc default/power_drv.o
 .text.set_adc_noise_reduction_mode
                0x0000000000000000        0xc default/power_drv.o
 .text.set_power_save_mode
                0x0000000000000000        0xc default/power_drv.o
 .text.set_standby_mode
                0x0000000000000000        0xc default/power_drv.o
 .text.set_ext_standby_mode
                0x0000000000000000        0xc default/power_drv.o
 .text          0x0000000000000000        0x0 default/scheduler.o
 .data          0x0000000000000000        0x0 default/scheduler.o
 .bss           0x0000000000000000        0x0 default/scheduler.o
 .text.scheduler_empty_fct
                0x0000000000000000        0x2 default/scheduler.o
 .text          0x0000000000000000        0x0 default/stk_525.o
 .data          0x0000000000000000        0x0 default/stk_525.o
 .bss           0x0000000000000000        0x0 default/stk_525.o
 .debug_info    0x0000000000000000       0x72 default/stk_525.o
 .debug_abbrev  0x0000000000000000       0x26 default/stk_525.o
 .debug_aranges
                0x0000000000000000       0x18 default/stk_525.o
 .debug_line    0x0000000000000000       0x1d default/stk_525.o
 .debug_str     0x0000000000000000      0x1c3 default/stk_525.o
 .comment       0x0000000000000000       0x22 default/stk_525.o
 .text          0x0000000000000000        0x0 default/main.o
 .data          0x0000000000000000        0x0 default/main.o
 .bss           0x0000000000000000        0x0 default/main.o
 .text          0x0000000000000000        0x0 default/usb_descriptors.o
 .data          0x0000000000000000        0x0 default/usb_descriptors.o
 .bss           0x0000000000000000        0x0 default/usb_descriptors.o
 .text          0x0000000000000000        0x0 default/usb_device_task.o
 .data          0x0000000000000000        0x0 default/usb_device_task.o
 .text          0x0000000000000000        0x0 default/usb_drv.o
 .data          0x0000000000000000        0x0 default/usb_drv.o
 .bss           0x0000000000000000        0x0 default/usb_drv.o
 .text.usb_select_enpoint_interrupt
                0x0000000000000000       0x16 default/usb_drv.o
 .text.usb_send_packet
                0x0000000000000000       0x22 default/usb_drv.o
 .text.usb_read_packet
                0x0000000000000000       0x22 default/usb_drv.o
 .text.usb_halt_endpoint
                0x0000000000000000       0x10 default/usb_drv.o
 .text          0x0000000000000000        0x0 default/usb_specific_request.o
 .data          0x0000000000000000        0x0 default/usb_specific_request.o
 .text          0x0000000000000000        0x0 default/usb_standard_request.o
 .data          0x0000000000000000        0x0 default/usb_standard_request.o
 .avr.prop      0x0000000000000000       0x16 default/usb_standard_request.o
 .text          0x0000000000000000        0x0 default/usb_task.o
 .data          0x0000000000000000        0x0 default/usb_task.o
 .text          0x0000000000000000        0x0 /usr/lib/gcc/avr/7.4.0/avr51/libgcc.a(_exit.o)
 .data          0x0000000000000000        0x0 /usr/lib/gcc/avr/7.4.0/avr51/libgcc.a(_exit.o)
 .bss           0x0000000000000000        0x0 /usr/lib/gcc/avr/7.4.0/avr51/libgcc.a(_exit.o)
 .text.libgcc.mul
                0x0000000000000000        0x0 /usr/lib/gcc/avr/7.4.0/avr51/libgcc.a(_exit.o)
 .text.libgcc.div
                0x0000000000000000        0x0 /usr/lib/gcc/avr/7.4.0/avr51/libgcc.a(_exit.o)
 .text.libgcc   0x0000000000000000        0x0 /usr/lib/gcc/avr/7.4.0/avr51/libgcc.a(_exit.o)
 .text.libgcc.prologue
                0x0000000000000000        0x0 /usr/lib/gcc/avr/7.4.0/avr51/libgcc.a(_exit.o)
 .text.libgcc.builtins
                0x0000000000000000        0x0 /usr/lib/gcc/avr/7.4.0/avr51/libgcc.a(_exit.o)
 .text.libgcc.fmul
                0x0000000000000000        0x0 /usr/lib/gcc/avr/7.4.0/avr51/libgcc.a(_exit.o)
 .text.libgcc.fixed
                0x0000000000000000        0x0 /usr/lib/gcc/avr/7.4.0/avr51/libgcc.a(_exit.o)
 .text          0x0000000000000000        0x0 /usr/lib/gcc/avr/7.4.0/avr51/libgcc.a(_tablejump2.o)
 .data          0x0000000000000000        0x0 /usr/lib/gcc/avr/7.4.0/avr51/libgcc.a(_tablejump2.o)
 .bss           0x0000000000000000        0x0 /usr/lib/gcc/avr/7.4.0/avr51/libgcc.a(_tablejump2.o)
 .text.libgcc.mul
                0x0000000000000000        0x0 /usr/lib/gcc/avr/7.4.0/avr51/libgcc.a(_tablejump2.o)
 .text.libgcc.div
                0x0000000000000000        0x0 /usr/lib/gcc/avr/7.4.0/avr51/libgcc.a(_tablejump2.o)
 .text.libgcc.prologue
                0x0000000000000000        0x0 /usr/lib/gcc/avr/7.4.0/avr51/libgcc.a(_tablejump2.o)
 .text.libgcc.builtins
                0x0000000000000000        0x0 /usr/lib/gcc/avr/7.4.0/avr51/libgcc.a(_tablejump2.o)
 .text.libgcc.fmul
                0x0000000000000000        0x0 /usr/lib/gcc/avr/7.4.0/avr51/libgcc.a(_tablejump2.o)
 .text.libgcc.fixed
                0x0000000000000000        0x0 /usr/lib/gcc/avr/7.4.0/avr51/libgcc.a(_tablejump2.o)
 .text          0x0000000000000000        0x0 /usr/lib/gcc/avr/7.4.0/avr51/libgcc.a(_copy_data.o)
 .data          0x0000000000000000        0x0 /usr/lib/gcc/avr/7.4.0/avr51/libgcc.a(_copy_data.o)
 .bss           0x0000000000000000        0x0 /usr/lib/gcc/avr/7.4.0/avr51/libgcc.a(_copy_data.o)
 .text.libgcc.mul
                0x0000000000000000        0x0 /usr/lib/gcc/avr/7.4.0/avr51/libgcc.a(_copy_data.o)
 .text.libgcc.div
                0x0000000000000000        0x0 /usr/lib/gcc/avr/7.4.0/avr51/libgcc.a(_copy_data.o)
 .text.libgcc   0x0000000000000000        0x0 /usr/lib/gcc/avr/7.4.0/avr51/libgcc.a(_copy_data.o)
 .text.libgcc.prologue
                0x0000000000000000        0x0 /usr/lib/gcc/avr/7.4.0/avr51/libgcc.a(_copy_data.o)
 .text.libgcc.builtins
                0x0000000000000000        0x0 /usr/lib/gcc/avr/7.4.0/avr51/libgcc.a(_copy_data.o)
 .text.libgcc.fmul
                0x0000000000000000        0x0 /usr/lib/gcc/avr/7.4.0/avr51/libgcc.a(_copy_data.o)
 .text.libgcc.fixed
                0x0000000000000000        0x0 /usr/lib/gcc/avr/7.4.0/avr51/libgcc.a(_copy_data.o)
 .text          0x0000000000000000        0x0 /usr/lib/gcc/avr/7.4.0/avr51/libgcc.a(_clear_bss.o)
 .data          0x0000000000000000        0x0 /usr/lib/gcc/avr/7.4.0/avr51/libgcc.a(_clear_bss.o)
 .bss           0x0000000000000000        0x0 /usr/lib/gcc/avr/7.4.0/avr51/libgcc.a(_clear_bss.o)
 .text.libgcc.mul
                0x0000000000000000        0x0 /usr/lib/gcc/avr/7.4.0/avr51/libgcc.a(_clear_bss.o)
 .text.libgcc.div
                0x0000000000000000        0x0 /usr/lib/gcc/avr/7.4.0/avr51/libgcc.a(_clear_bss.o)
 .text.libgcc   0x0000000000000000        0x0 /usr/lib/gcc/avr/7.4.0/avr51/libgcc.a(_clear_bss.o)
 .text.libgcc.prologue
                0x0000000000000000        0x0 /usr/lib/gcc/avr/7.4.0/avr51/libgcc.a(_clear_bss.o)
 .text.libgcc.builtins
                0x0000000000000000        0x0 /usr/lib/gcc/avr/7.4.0/avr51/libgcc.a(_clear_bss.o)
 .text.libgcc.fmul
                0x0000000000000000        0x0 /usr/lib/gcc/avr/7.4.0/avr51/libgcc.a(_clear_bss.o)
 .text.libgcc.fixed
                0x0000000000000000        0x0 /usr/lib/gcc/avr/7.4.0/avr51/libgcc.a(_clear_bss.o)

Memory Configuration

Name             Origin             Length             Attributes
text             0x0000000000000000 0x0000000000020000 xr
data             0x0000000000800100 0x000000000000ff00 rw !x
eeprom           0x0000000000810000 0x0000000000010000 rw !x
fuse             0x0000000000820000 0x0000000000000003 rw !x
lock             0x0000000000830000 0x0000000000000400 rw !x
signature        0x0000000000840000 0x0000000000000400 rw !x
user_signatures  0x0000000000850000 0x0000000000000400 rw !x
*default*        0x0000000000000000 0xffffffffffffffff

Linker script and memory map

Address of section .data set to 0x800100
LOAD /usr/lib/gcc/avr/7.4.0/../../../../avr/lib/avr51/crtat90usb1286.o
LOAD default/wdt_drv.o
LOAD default/keyboard_task.o
LOAD default/power_drv.o
LOAD default/scheduler.o
LOAD default/stk_525.o
LOAD default/main.o
LOAD default/usb_descriptors.o
LOAD default/usb_device_task.o
LOAD default/usb_drv.o
LOAD default/usb_specific_request.o
LOAD default/usb_standard_request.o
LOAD default/usb_task.o
START GROUP
LOAD /usr/lib/gcc/avr/7.4.0/avr51/libgcc.a
LOAD /usr/lib/gcc/avr/7.4.0/../../../../avr/lib/avr51/libm.a
LOAD /usr/lib/gcc/avr/7.4.0/../../../../avr/lib/avr51/libc.a
LOAD /usr/lib/gcc/avr/7.4.0/../../../../avr/lib/avr51/libat90usb1286.a
END GROUP
                0x0000000000020000                __TEXT_REGION_LENGTH__ = DEFINED (__TEXT_REGION_LENGTH__)?__TEXT_REGION_LENGTH__:0x20000
                0x000000000000ff00                __DATA_REGION_LENGTH__ = DEFINED (__DATA_REGION_LENGTH__)?__DATA_REGION_LENGTH__:0xff00
                0x0000000000010000                __EEPROM_REGION_LENGTH__ = DEFINED (__EEPROM_REGION_LENGTH__)?__EEPROM_REGION_LENGTH__:0x10000
                [0x0000000000000003]                __FUSE_REGION_LENGTH__ = DEFINED (__FUSE_REGION_LENGTH__)?__FUSE_REGION_LENGTH__:0x400
                0x0000000000000400                __LOCK_REGION_LENGTH__ = DEFINED (__LOCK_REGION_LENGTH__)?__LOCK_REGION_LENGTH__:0x400
                0x0000000000000400                __SIGNATURE_REGION_LENGTH__ = DEFINED (__SIGNATURE_REGION_LENGTH__)?__SIGNATURE_REGION_LENGTH__:0x400
                0x0000000000000400                __USER_SIGNATURE_REGION_LENGTH__ = DEFINED (__USER_SIGNATURE_REGION_LENGTH__)?__USER_SIGNATURE_REGION_LENGTH__:0x400

.hash
 *(.hash)

.dynsym
 *(.dynsym)

.dynstr
 *(.dynstr)

.gnu.version
 *(.gnu.version)

.gnu.version_d
 *(.gnu.version_d)

.gnu.version_r
 *(.gnu.version_r)

.rel.init
 *(.rel.init)

.rela.init
 *(.rela.init)

.rel.text
 *(.rel.text)
 *(.rel.text.*)
 *(.rel.gnu.linkonce.t*)

.rela.text
 *(.rela.text)
 *(.rela.text.*)
 *(.rela.gnu.linkonce.t*)

.rel.fini
 *(.rel.fini)

.rela.fini
 *(.rela.fini)

.rel.rodata
 *(.rel.rodata)
 *(.rel.rodata.*)
 *(.rel.gnu.linkonce.r*)

.rela.rodata
 *(.rela.rodata)
 *(.rela.rodata.*)
 *(.rela.gnu.linkonce.r*)

.rel.data
 *(.rel.data)
 *(.rel.data.*)
 *(.rel.gnu.linkonce.d*)

.rela.data
 *(.rela.data)
 *(.rela.data.*)
 *(.rela.gnu.linkonce.d*)

.rel.ctors
 *(.rel.ctors)

.rela.ctors
 *(.rela.ctors)

.rel.dtors
 *(.rel.dtors)

.rela.dtors
 *(.rela.dtors)

.rel.got
 *(.rel.got)

.rela.got
 *(.rela.got)

.rel.bss
 *(.rel.bss)

.rela.bss
 *(.rela.bss)

.rel.plt
 *(.rel.plt)

.rela.plt
 *(.rela.plt)

.text           0x0000000000000000     0x1038
 *(.vectors)
 .vectors       0x0000000000000000       0x98 /usr/lib/gcc/avr/7.4.0/../../../../avr/lib/avr51/crtat90usb1286.o
                0x0000000000000000                __vectors
                0x0000000000000000                __vector_default
 *(.vectors)
 *(.progmem.gcc*)
                0x0000000000000098                . = ALIGN (0x2)
                0x0000000000000098                __trampolines_start = .
 *(.trampolines)
 .trampolines   0x0000000000000098        0x0 linker stubs
 *(.trampolines*)
                0x0000000000000098                __trampolines_end = .
 *libprintf_flt.a:*(.progmem.data)
 *libc.a:*(.progmem.data)
 *(.progmem.*)
 .progmem.data  0x0000000000000098       0x27 default/keyboard_task.o
                0x0000000000000098                usb_keys
 .progmem.data  0x00000000000000bf       0xab default/usb_descriptors.o
                0x00000000000000bf                usb_hid_report_descriptor_kbd
                0x00000000000000fa                usb_user_language_id
                0x00000000000000fe                usb_user_product_string_descriptor
                0x000000000000012a                usb_user_manufacturer_string_descriptor
                0x0000000000000136                usb_conf_desc
                0x0000000000000158                usb_dev_desc
                0x000000000000016a                . = ALIGN (0x2)
 *(.lowtext)
 *(.lowtext*)
                0x000000000000016a                __ctors_start = .
 *(.ctors)
                0x000000000000016a                __ctors_end = .
                0x000000000000016a                __dtors_start = .
 *(.dtors)
                0x000000000000016a                __dtors_end = .
 SORT_BY_NAME(*)(.ctors)
 SORT_BY_NAME(*)(.dtors)
 *(.init0)
 .init0         0x000000000000016a        0x0 /usr/lib/gcc/avr/7.4.0/../../../../avr/lib/avr51/crtat90usb1286.o
                0x000000000000016a                __init
 *(.init0)
 *(.init1)
 *(.init1)
 *(.init2)
 .init2         0x000000000000016a        0xc /usr/lib/gcc/avr/7.4.0/../../../../avr/lib/avr51/crtat90usb1286.o
 *(.init2)
 *(.init3)
 .init3         0x0000000000000176       0x16 default/main.o
                0x0000000000000176                __low_level_init
 *(.init3)
 *(.init4)
 .init4         0x000000000000018c       0x1a /usr/lib/gcc/avr/7.4.0/avr51/libgcc.a(_copy_data.o)
                0x000000000000018c                __do_copy_data
 .init4         0x00000000000001a6       0x10 /usr/lib/gcc/avr/7.4.0/avr51/libgcc.a(_clear_bss.o)
                0x00000000000001a6                __do_clear_bss
 *(.init4)
 *(.init5)
 *(.init5)
 *(.init6)
 *(.init6)
 *(.init7)
 *(.init7)
 *(.init8)
 *(.init8)
 *(.init9)
 .init9         0x00000000000001b6        0x4 /usr/lib/gcc/avr/7.4.0/../../../../avr/lib/avr51/crtat90usb1286.o
 *(.init9)
 *(.text)
 .text          0x00000000000001ba        0x2 /usr/lib/gcc/avr/7.4.0/../../../../avr/lib/avr51/crtat90usb1286.o
                0x00000000000001ba                __vector_22
                0x00000000000001ba                __vector_28
                0x00000000000001ba                __vector_1
                0x00000000000001ba                __vector_32
                0x00000000000001ba                __vector_34
                0x00000000000001ba                __vector_24
                0x00000000000001ba                __vector_12
                0x00000000000001ba                __bad_interrupt
                0x00000000000001ba                __vector_6
                0x00000000000001ba                __vector_31
                0x00000000000001ba                __vector_35
                0x00000000000001ba                __vector_3
                0x00000000000001ba                __vector_23
                0x00000000000001ba                __vector_30
                0x00000000000001ba                __vector_25
                0x00000000000001ba                __vector_11
                0x00000000000001ba                __vector_13
                0x00000000000001ba                __vector_17
                0x00000000000001ba                __vector_19
                0x00000000000001ba                __vector_7
                0x00000000000001ba                __vector_27
                0x00000000000001ba                __vector_5
                0x00000000000001ba                __vector_33
                0x00000000000001ba                __vector_37
                0x00000000000001ba                __vector_4
                0x00000000000001ba                __vector_2
                0x00000000000001ba                __vector_21
                0x00000000000001ba                __vector_15
                0x00000000000001ba                __vector_36
                0x00000000000001ba                __vector_29
                0x00000000000001ba                __vector_8
                0x00000000000001ba                __vector_26
                0x00000000000001ba                __vector_14
                0x00000000000001ba                __vector_16
                0x00000000000001ba                __vector_18
                0x00000000000001ba                __vector_20
                0x00000000000001bc                . = ALIGN (0x2)
 *(.text.*)
 .text.wdtdrv_disable
                0x00000000000001bc       0x26 default/wdt_drv.o
                0x00000000000001bc                wdtdrv_disable
 .text.keyboard_task_init
                0x00000000000001e2       0x12 default/keyboard_task.o
                0x00000000000001e2                keyboard_task_init
 .text.sendNothing
                0x00000000000001f4       0x28 default/keyboard_task.o
                0x00000000000001f4                sendNothing
 .text.process_key
                0x000000000000021c       0xb8 default/keyboard_task.o
                0x000000000000021c                process_key
 .text.kbd_test_hit
                0x00000000000002d4       0xc2 default/keyboard_task.o
                0x00000000000002d4                kbd_test_hit
 .text.keyboard_task
                0x0000000000000396       0x2e default/keyboard_task.o
                0x0000000000000396                keyboard_task
 .text.suspend_action
                0x00000000000003c4       0x22 default/keyboard_task.o
                0x00000000000003c4                suspend_action
 .text.__vector_9
                0x00000000000003e6       0x64 default/keyboard_task.o
                0x00000000000003e6                __vector_9
 .text.set_power_down_mode
                0x000000000000044a        0xc default/power_drv.o
                0x000000000000044a                set_power_down_mode
 .text.scheduler_init
                0x0000000000000456        0x4 default/scheduler.o
                0x0000000000000456                scheduler_init
 .text.scheduler_tasks
                0x000000000000045a        0x6 default/scheduler.o
                0x000000000000045a                scheduler_tasks
 .text.scheduler
                0x0000000000000460        0x4 default/scheduler.o
                0x0000000000000460                scheduler
 .text.startup.main
                0x0000000000000464       0x1e default/main.o
                0x0000000000000464                main
 .text.usb_device_task_init
                0x0000000000000482       0x1c default/usb_device_task.o
                0x0000000000000482                usb_device_task_init
 .text.usb_start_device
                0x000000000000049e       0x3a default/usb_device_task.o
                0x000000000000049e                usb_start_device
 .text.usb_device_task
                0x00000000000004d8       0xa8 default/usb_device_task.o
                0x00000000000004d8                usb_device_task
 .text.usb_config_ep
                0x0000000000000580       0x2c default/usb_drv.o
                0x0000000000000580                usb_config_ep
 .text.usb_init_device
                0x00000000000005ac       0x2c default/usb_drv.o
                0x00000000000005ac                usb_init_device
 .text.usb_user_endpoint_init
                0x00000000000005d8        0xc default/usb_specific_request.o
                0x00000000000005d8                usb_user_endpoint_init
 .text.usb_user_interface_get
                0x00000000000005e4        0x4 default/usb_specific_request.o
                0x00000000000005e4                usb_user_interface_get
 .text.usb_user_interface_reset
                0x00000000000005e8       0x2a default/usb_specific_request.o
                0x00000000000005e8                usb_user_interface_reset
 .text.usb_user_get_descriptor
                0x0000000000000612       0x40 default/usb_specific_request.o
                0x0000000000000612                usb_user_get_descriptor
 .text.hid_get_report_descriptor
                0x0000000000000652      0x100 default/usb_specific_request.o
                0x0000000000000652                hid_get_report_descriptor
 .text.usb_hid_set_report_ouput
                0x0000000000000752       0x3c default/usb_specific_request.o
                0x0000000000000752                usb_hid_set_report_ouput
 .text.usb_hid_set_idle
                0x000000000000078e       0x40 default/usb_specific_request.o
                0x000000000000078e                usb_hid_set_idle
 .text.usb_hid_get_idle
                0x00000000000007ce       0x72 default/usb_specific_request.o
                0x00000000000007ce                usb_hid_get_idle
 .text.hid_get_hid_descriptor
                0x0000000000000840      0x100 default/usb_specific_request.o
                0x0000000000000840                hid_get_hid_descriptor
 .text.usb_user_read_request
                0x0000000000000940       0x4e default/usb_specific_request.o
                0x0000000000000940                usb_user_read_request
 .text.usb_process_request
                0x000000000000098e      0x49c default/usb_standard_request.o
                0x000000000000098e                usb_process_request
 .text.usb_generate_remote_wakeup
                0x0000000000000e2a       0x32 default/usb_standard_request.o
                0x0000000000000e2a                usb_generate_remote_wakeup
 .text.usb_task_init
                0x0000000000000e5c       0x18 default/usb_task.o
                0x0000000000000e5c                usb_task_init
 .text.usb_task
                0x0000000000000e74        0x2 default/usb_task.o
                0x0000000000000e74                usb_task
 .text.__vector_10
                0x0000000000000e76      0x1ac default/usb_task.o
                0x0000000000000e76                __vector_10
 .text.libgcc   0x0000000000001022       0x12 /usr/lib/gcc/avr/7.4.0/avr51/libgcc.a(_tablejump2.o)
                0x0000000000001022                __tablejump2__
                0x0000000000001034                . = ALIGN (0x2)
 *(.fini9)
 .fini9         0x0000000000001034        0x0 /usr/lib/gcc/avr/7.4.0/avr51/libgcc.a(_exit.o)
                0x0000000000001034                exit
                0x0000000000001034                _exit
 *(.fini9)
 *(.fini8)
 *(.fini8)
 *(.fini7)
 *(.fini7)
 *(.fini6)
 *(.fini6)
 *(.fini5)
 *(.fini5)
 *(.fini4)
 *(.fini4)
 *(.fini3)
 *(.fini3)
 *(.fini2)
 *(.fini2)
 *(.fini1)
 *(.fini1)
 *(.fini0)
 .fini0         0x0000000000001034        0x4 /usr/lib/gcc/avr/7.4.0/avr51/libgcc.a(_exit.o)
 *(.fini0)
 *(.hightext)
 *(.hightext*)
 *(.progmemx.*)
                0x0000000000001038                . = ALIGN (0x2)
 *(.jumptables)
 *(.jumptables*)
                0x0000000000001038                _etext = .

.data           0x0000000000800100        0x4 load address 0x0000000000001038
                0x0000000000800100                PROVIDE (__data_start = .)
 *(.data)
 .data          0x0000000000800100        0x3 default/keyboard_task.o
                0x0000000000800100                firstNKeys
                0x0000000000800102                isFirstMessage
 *(.data*)
 *(.gnu.linkonce.d*)
 *(.rodata)
 *(.rodata*)
 *(.gnu.linkonce.r*)
                0x0000000000800104                . = ALIGN (0x2)
 *fill*         0x0000000000800103        0x1 
                0x0000000000800104                _edata = .
                0x0000000000800104                PROVIDE (__data_end = .)

.bss            0x0000000000800104       0x22
                0x0000000000800104                PROVIDE (__bss_start = .)
 *(.bss)
 .bss           0x0000000000800104        0x7 default/keyboard_task.o
                0x0000000000800104                keysCounter
                0x0000000000800106                shouldSleep
                0x0000000000800107                modifier
                0x0000000000800109                modifierKeysToRead
 .bss           0x000000000080010b        0x2 default/usb_device_task.o
                0x000000000080010b                usb_suspended
                0x000000000080010c                usb_connected
 .bss           0x000000000080010d        0x1 default/usb_specific_request.o
                0x000000000080010d                g_u8_report_rate
 .bss           0x000000000080010e        0x2 default/usb_standard_request.o
                0x000000000080010e                remote_wakeup_feature
 .bss           0x0000000000800110        0x2 default/usb_task.o
                0x0000000000800110                g_usb_event
 *(.bss*)
 *(COMMON)
 COMMON         0x0000000000800112        0x9 default/keyboard_task.o
                0x0000000000800112                usb_key_pointer
                0x0000000000800114                usb_data_to_send
                0x0000000000800116                cpt_sof
                0x0000000000800117                usb_key
                0x0000000000800118                usb_kbd_state
                0x0000000000800119                key_hit
                0x000000000080011a                transmit_no_key
 COMMON         0x000000000080011b        0xb default/usb_standard_request.o
                0x000000000080011b                endpoint_status
                0x0000000000800122                usb_configuration_nb
                0x0000000000800123                data_to_transfer
                0x0000000000800124                pbuffer
                0x0000000000800126                PROVIDE (__bss_end = .)
                0x0000000000001038                __data_load_start = LOADADDR (.data)
                0x000000000000103c                __data_load_end = (__data_load_start + SIZEOF (.data))

.noinit         0x0000000000800126        0x0
                [!provide]                        PROVIDE (__noinit_start = .)
 *(.noinit*)
                [!provide]                        PROVIDE (__noinit_end = .)
                0x0000000000800126                _end = .
                [!provide]                        PROVIDE (__heap_start = .)

.eeprom         0x0000000000810000        0x0
 *(.eeprom*)
                0x0000000000810000                __eeprom_end = .

.fuse
 *(.fuse)
 *(.lfuse)
 *(.hfuse)
 *(.efuse)

.lock
 *(.lock*)

.signature
 *(.signature*)

.stab           0x0000000000000000      0x2dc
 *(.stab)
 .stab          0x0000000000000000       0x78 /usr/lib/gcc/avr/7.4.0/avr51/libgcc.a(_exit.o)
 .stab          0x0000000000000078       0xc0 /usr/lib/gcc/avr/7.4.0/avr51/libgcc.a(_tablejump2.o)
                                         0xcc (size before relaxing)
 .stab          0x0000000000000138       0xf0 /usr/lib/gcc/avr/7.4.0/avr51/libgcc.a(_copy_data.o)
                                         0xfc (size before relaxing)
 .stab          0x0000000000000228       0xb4 /usr/lib/gcc/avr/7.4.0/avr51/libgcc.a(_clear_bss.o)
                                         0xc0 (size before relaxing)

.stabstr        0x0000000000000000       0xbe
 *(.stabstr)
 .stabstr       0x0000000000000000       0xbe /usr/lib/gcc/avr/7.4.0/avr51/libgcc.a(_exit.o)

.stab.excl
 *(.stab.excl)

.stab.exclstr
 *(.stab.exclstr)

.stab.index
 *(.stab.index)

.stab.indexstr
 *(.stab.indexstr)

.comment        0x0000000000000000       0x21
 *(.comment)
 .comment       0x0000000000000000       0x21 default/wdt_drv.o
                                         0x22 (size before relaxing)
 .comment       0x0000000000000021       0x22 default/keyboard_task.o
 .comment       0x0000000000000021       0x22 default/power_drv.o
 .comment       0x0000000000000021       0x22 default/scheduler.o
 .comment       0x0000000000000021       0x22 default/main.o
 .comment       0x0000000000000021       0x22 default/usb_descriptors.o
 .comment       0x0000000000000021       0x22 default/usb_device_task.o
 .comment       0x0000000000000021       0x22 default/usb_drv.o
 .comment       0x0000000000000021       0x22 default/usb_specific_request.o
 .comment       0x0000000000000021       0x22 default/usb_standard_request.o
 .comment       0x0000000000000021       0x22 default/usb_task.o

.note.gnu.avr.deviceinfo
                0x0000000000000000       0x40
 .note.gnu.avr.deviceinfo
                0x0000000000000000       0x40 /usr/lib/gcc/avr/7.4.0/../../../../avr/lib/avr51/crtat90usb1286.o

.note.gnu.build-id
 *(.note.gnu.build-id)

.debug
 *(.debug)

.line
 *(.line)

.debug_srcinfo
 *(.debug_srcinfo)

.debug_sfnames
 *(.debug_sfnames)

.debug_aranges  0x0000000000000000      0x288
 *(.debug_aranges)
 .debug_aranges
                0x0000000000000000       0x38 default/wdt_drv.o
 .debug_aranges
                0x0000000000000038       0x58 default/keyboard_task.o
 .debug_aranges
                0x0000000000000090       0x48 default/power_drv.o
 .debug_aranges
                0x00000000000000d8       0x38 default/scheduler.o
 .debug_aranges
                0x0000000000000110       0x28 default/main.o
 .debug_aranges
                0x0000000000000138       0x18 default/usb_descriptors.o
 .debug_aranges
                0x0000000000000150       0x30 default/usb_device_task.o
 .debug_aranges
                0x0000000000000180       0x48 default/usb_drv.o
 .debug_aranges
                0x00000000000001c8       0x68 default/usb_specific_request.o
 .debug_aranges
                0x0000000000000230       0x28 default/usb_standard_request.o
 .debug_aranges
                0x0000000000000258       0x30 default/usb_task.o

.debug_pubnames
 *(.debug_pubnames)

.debug_info     0x0000000000000000     0x34d3
 *(.debug_info .gnu.linkonce.wi.*)
 .debug_info    0x0000000000000000      0x995 /usr/lib/gcc/avr/7.4.0/../../../../avr/lib/avr51/crtat90usb1286.o
 .debug_info    0x0000000000000995      0x206 default/wdt_drv.o
 .debug_info    0x0000000000000b9b      0x4aa default/keyboard_task.o
 .debug_info    0x0000000000001045      0x10d default/power_drv.o
 .debug_info    0x0000000000001152      0x156 default/scheduler.o
 .debug_info    0x00000000000012a8      0x1ce default/main.o
 .debug_info    0x0000000000001476      0x5fb default/usb_descriptors.o
 .debug_info    0x0000000000001a71      0x225 default/usb_device_task.o
 .debug_info    0x0000000000001c96      0x21e default/usb_drv.o
 .debug_info    0x0000000000001eb4      0x93d default/usb_specific_request.o
 .debug_info    0x00000000000027f1      0xaae default/usb_standard_request.o
 .debug_info    0x000000000000329f      0x234 default/usb_task.o

.debug_abbrev   0x0000000000000000     0x1654
 *(.debug_abbrev)
 .debug_abbrev  0x0000000000000000      0x910 /usr/lib/gcc/avr/7.4.0/../../../../avr/lib/avr51/crtat90usb1286.o
 .debug_abbrev  0x0000000000000910       0xf5 default/wdt_drv.o
 .debug_abbrev  0x0000000000000a05      0x224 default/keyboard_task.o
 .debug_abbrev  0x0000000000000c29       0x51 default/power_drv.o
 .debug_abbrev  0x0000000000000c7a       0x92 default/scheduler.o
 .debug_abbrev  0x0000000000000d0c       0xff default/main.o
 .debug_abbrev  0x0000000000000e0b       0xe5 default/usb_descriptors.o
 .debug_abbrev  0x0000000000000ef0       0xfc default/usb_device_task.o
 .debug_abbrev  0x0000000000000fec       0xf5 default/usb_drv.o
 .debug_abbrev  0x00000000000010e1      0x20c default/usb_specific_request.o
 .debug_abbrev  0x00000000000012ed      0x27a default/usb_standard_request.o
 .debug_abbrev  0x0000000000001567       0xed default/usb_task.o

.debug_line     0x0000000000000000     0x19e7
 *(.debug_line .debug_line.* .debug_line_end)
 .debug_line    0x0000000000000000       0x1d /usr/lib/gcc/avr/7.4.0/../../../../avr/lib/avr51/crtat90usb1286.o
 .debug_line    0x000000000000001d      0x1e8 default/wdt_drv.o
 .debug_line    0x0000000000000205      0x39b default/keyboard_task.o
 .debug_line    0x00000000000005a0      0x132 default/power_drv.o
 .debug_line    0x00000000000006d2       0xd6 default/scheduler.o
 .debug_line    0x00000000000007a8      0x119 default/main.o
 .debug_line    0x00000000000008c1       0xec default/usb_descriptors.o
 .debug_line    0x00000000000009ad      0x24c default/usb_device_task.o
 .debug_line    0x0000000000000bf9      0x1d5 default/usb_drv.o
 .debug_line    0x0000000000000dce      0x4b7 default/usb_specific_request.o
 .debug_line    0x0000000000001285      0x4d8 default/usb_standard_request.o
 .debug_line    0x000000000000175d      0x28a default/usb_task.o

.debug_frame    0x0000000000000000      0x4b4
 *(.debug_frame)
 .debug_frame   0x0000000000000000       0x54 default/wdt_drv.o
 .debug_frame   0x0000000000000054       0xdc default/keyboard_task.o
 .debug_frame   0x0000000000000130       0x74 default/power_drv.o
 .debug_frame   0x00000000000001a4       0x54 default/scheduler.o
 .debug_frame   0x00000000000001f8       0x34 default/main.o
 .debug_frame   0x000000000000022c       0x44 default/usb_device_task.o
 .debug_frame   0x0000000000000270       0x74 default/usb_drv.o
 .debug_frame   0x00000000000002e4       0xf4 default/usb_specific_request.o
 .debug_frame   0x00000000000003d8       0x50 default/usb_standard_request.o
 .debug_frame   0x0000000000000428       0x8c default/usb_task.o

.debug_str      0x0000000000000000     0x1263
 *(.debug_str)
 .debug_str     0x0000000000000000      0x349 /usr/lib/gcc/avr/7.4.0/../../../../avr/lib/avr51/crtat90usb1286.o
 .debug_str     0x0000000000000349      0x229 default/wdt_drv.o
                                        0x262 (size before relaxing)
 .debug_str     0x0000000000000572      0x27d default/keyboard_task.o
                                        0x42c (size before relaxing)
 .debug_str     0x00000000000007ef       0x88 default/power_drv.o
                                        0x242 (size before relaxing)
 .debug_str     0x0000000000000877       0x85 default/scheduler.o
                                        0x244 (size before relaxing)
 .debug_str     0x00000000000008fc       0xb2 default/main.o
                                        0x280 (size before relaxing)
 .debug_str     0x00000000000009ae      0x3d8 default/usb_descriptors.o
                                        0x648 (size before relaxing)
 .debug_str     0x0000000000000d86       0xf4 default/usb_device_task.o
                                        0x361 (size before relaxing)
 .debug_str     0x0000000000000e7a       0xca default/usb_drv.o
                                        0x280 (size before relaxing)
 .debug_str     0x0000000000000f44      0x189 default/usb_specific_request.o
                                        0x806 (size before relaxing)
 .debug_str     0x00000000000010cd      0x16a default/usb_standard_request.o
                                        0x86e (size before relaxing)
 .debug_str     0x0000000000001237       0x2c default/usb_task.o
                                        0x347 (size before relaxing)

.debug_loc      0x0000000000000000      0xd31
 *(.debug_loc)
 .debug_loc     0x0000000000000000       0x84 default/wdt_drv.o
 .debug_loc     0x0000000000000084      0x1ab default/keyboard_task.o
 .debug_loc     0x000000000000022f       0x28 default/main.o
 .debug_loc     0x0000000000000257      0x182 default/usb_drv.o
 .debug_loc     0x00000000000003d9      0x550 default/usb_specific_request.o
 .debug_loc     0x0000000000000929      0x33d default/usb_standard_request.o
 .debug_loc     0x0000000000000c66       0xcb default/usb_task.o

.debug_macinfo
 *(.debug_macinfo)

.debug_weaknames
 *(.debug_weaknames)

.debug_funcnames
 *(.debug_funcnames)

.debug_typenames
 *(.debug_typenames)

.debug_varnames
 *(.debug_varnames)

.debug_pubtypes
 *(.debug_pubtypes)

.debug_ranges   0x0000000000000000      0x268
 *(.debug_ranges)
 .debug_ranges  0x0000000000000000       0x28 default/wdt_drv.o
 .debug_ranges  0x0000000000000028       0x60 default/keyboard_task.o
 .debug_ranges  0x0000000000000088       0x38 default/power_drv.o
 .debug_ranges  0x00000000000000c0       0x28 default/scheduler.o
 .debug_ranges  0x00000000000000e8       0x18 default/main.o
 .debug_ranges  0x0000000000000100       0x20 default/usb_device_task.o
 .debug_ranges  0x0000000000000120       0x38 default/usb_drv.o
 .debug_ranges  0x0000000000000158       0x58 default/usb_specific_request.o
 .debug_ranges  0x00000000000001b0       0x98 default/usb_standard_request.o
 .debug_ranges  0x0000000000000248       0x20 default/usb_task.o

.debug_macro
 *(.debug_macro)

.debug_addr
 *(.debug_addr)
OUTPUT(USBKEY_STK525-series6-hidkbd.elf elf32-avr)
LOAD linker stubs

Cross Reference Table

Symbol                                            File
__FUSE_REGION_LENGTH__                            /usr/lib/gcc/avr/7.4.0/../../../../avr/lib/avr51/crtat90usb1286.o
__bad_interrupt                                   /usr/lib/gcc/avr/7.4.0/../../../../avr/lib/avr51/crtat90usb1286.o
__bss_end                                         /usr/lib/gcc/avr/7.4.0/avr51/libgcc.a(_clear_bss.o)
__bss_start                                       /usr/lib/gcc/avr/7.4.0/avr51/libgcc.a(_clear_bss.o)
__data_end                                        /usr/lib/gcc/avr/7.4.0/avr51/libgcc.a(_copy_data.o)
__data_load_start                                 /usr/lib/gcc/avr/7.4.0/avr51/libgcc.a(_copy_data.o)
__data_start                                      /usr/lib/gcc/avr/7.4.0/avr51/libgcc.a(_copy_data.o)
__do_clear_bss                                    /usr/lib/gcc/avr/7.4.0/avr51/libgcc.a(_clear_bss.o)
                                                  default/usb_task.o
                                                  default/usb_standard_request.o
                                                  default/usb_specific_request.o
                                                  default/usb_device_task.o
                                                  default/keyboard_task.o
__do_copy_data                                    /usr/lib/gcc/avr/7.4.0/avr51/libgcc.a(_copy_data.o)
                                                  default/keyboard_task.o
__heap_end                                        /usr/lib/gcc/avr/7.4.0/../../../../avr/lib/avr51/crtat90usb1286.o
__init                                            /usr/lib/gcc/avr/7.4.0/../../../../avr/lib/avr51/crtat90usb1286.o
__low_level_init                                  default/main.o
__stack                                           /usr/lib/gcc/avr/7.4.0/../../../../avr/lib/avr51/crtat90usb1286.o
__tablejump2__                                    /usr/lib/gcc/avr/7.4.0/avr51/libgcc.a(_tablejump2.o)
                                                  default/usb_standard_request.o
__vector_1                                        /usr/lib/gcc/avr/7.4.0/../../../../avr/lib/avr51/crtat90usb1286.o
__vector_10                                       default/usb_task.o
                                                  /usr/lib/gcc/avr/7.4.0/../../../../avr/lib/avr51/crtat90usb1286.o
__vector_11                                       /usr/lib/gcc/avr/7.4.0/../../../../avr/lib/avr51/crtat90usb1286.o
__vector_12                                       /usr/lib/gcc/avr/7.4.0/../../../../avr/lib/avr51/crtat90usb1286.o
__vector_13                                       /usr/lib/gcc/avr/7.4.0/../../../../avr/lib/avr51/crtat90usb1286.o
__vector_14                                       /usr/lib/gcc/avr/7.4.0/../../../../avr/lib/avr51/crtat90usb1286.o
__vector_15                                       /usr/lib/gcc/avr/7.4.0/../../../../avr/lib/avr51/crtat90usb1286.o
__vector_16                                       /usr/lib/gcc/avr/7.4.0/../../../../avr/lib/avr51/crtat90usb1286.o
__vector_17                                       /usr/lib/gcc/avr/7.4.0/../../../../avr/lib/avr51/crtat90usb1286.o
__vector_18                                       /usr/lib/gcc/avr/7.4.0/../../../../avr/lib/avr51/crtat90usb1286.o
__vector_19                                       /usr/lib/gcc/avr/7.4.0/../../../../avr/lib/avr51/crtat90usb1286.o
__vector_2                                        /usr/lib/gcc/avr/7.4.0/../../../../avr/lib/avr51/crtat90usb1286.o
__vector_20                                       /usr/lib/gcc/avr/7.4.0/../../../../avr/lib/avr51/crtat90usb1286.o
__vector_21                                       /usr/lib/gcc/avr/7.4.0/../../../../avr/lib/avr51/crtat90usb1286.o
__vector_22                                       /usr/lib/gcc/avr/7.4.0/../../../../avr/lib/avr51/crtat90usb1286.o
__vector_23                                       /usr/lib/gcc/avr/7.4.0/../../../../avr/lib/avr51/crtat90usb1286.o
__vector_24                                       /usr/lib/gcc/avr/7.4.0/../../../../avr/lib/avr51/crtat90usb1286.o
__vector_25                                       /usr/lib/gcc/avr/7.4.0/../../../../avr/lib/avr51/crtat90usb1286.o
__vector_26                                       /usr/lib/gcc/avr/7.4.0/../../../../avr/lib/avr51/crtat90usb1286.o
__vector_27                                       /usr/lib/gcc/avr/7.4.0/../../../../avr/lib/avr51/crtat90usb1286.o
__vector_28                                       /usr/lib/gcc/avr/7.4.0/../../../../avr/lib/avr51/crtat90usb1286.o
__vector_29                                       /usr/lib/gcc/avr/7.4.0/../../../../avr/lib/avr51/crtat90usb1286.o
__vector_3                                        /usr/lib/gcc/avr/7.4.0/../../../../avr/lib/avr51/crtat90usb1286.o
__vector_30                                       /usr/lib/gcc/avr/7.4.0/../../../../avr/lib/avr51/crtat90usb1286.o
__vector_31                                       /usr/lib/gcc/avr/7.4.0/../../../../avr/lib/avr51/crtat90usb1286.o
__vector_32                                       /usr/lib/gcc/avr/7.4.0/../../../../avr/lib/avr51/crtat90usb1286.o
__vector_33                                       /usr/lib/gcc/avr/7.4.0/../../../../avr/lib/avr51/crtat90usb1286.o
__vector_34                                       /usr/lib/gcc/avr/7.4.0/../../../../avr/lib/avr51/crtat90usb1286.o
__vector_35                                       /usr/lib/gcc/avr/7.4.0/../../../../avr/lib/avr51/crtat90usb1286.o
__vector_36                                       /usr/lib/gcc/avr/7.4.0/../../../../avr/lib/avr51/crtat90usb1286.o
__vector_37                                       /usr/lib/gcc/avr/7.4.0/../../../../avr/lib/avr51/crtat90usb1286.o
__vector_4                                        /usr/lib/gcc/avr/7.4.0/../../../../avr/lib/avr51/crtat90usb1286.o
__vector_5                                        /usr/lib/gcc/avr/7.4.0/../../../../avr/lib/avr51/crtat90usb1286.o
__vector_6                                        /usr/lib/gcc/avr/7.4.0/../../../../avr/lib/avr51/crtat90usb1286.o
__vector_7                                        /usr/lib/gcc/avr/7.4.0/../../../../avr/lib/avr51/crtat90usb1286.o
__vector_8                                        /usr/lib/gcc/avr/7.4.0/../../../../avr/lib/avr51/crtat90usb1286.o
__vector_9                                        default/keyboard_task.o
                                                  /usr/lib/gcc/avr/7.4.0/../../../../avr/lib/avr51/crtat90usb1286.o
__vector_default                                  /usr/lib/gcc/avr/7.4.0/../../../../avr/lib/avr51/crtat90usb1286.o
__vectors                                         /usr/lib/gcc/avr/7.4.0/../../../../avr/lib/avr51/crtat90usb1286.o
_exit                                             /usr/lib/gcc/avr/7.4.0/avr51/libgcc.a(_exit.o)
cpt_sof                                           default/keyboard_task.o
data_to_transfer                                  default/usb_standard_request.o
                                                  default/usb_specific_request.o
endpoint_status                                   default/usb_standard_request.o
exit                                              /usr/lib/gcc/avr/7.4.0/avr51/libgcc.a(_exit.o)
                                                  /usr/lib/gcc/avr/7.4.0/../../../../avr/lib/avr51/crtat90usb1286.o
firstNKeys                                        default/keyboard_task.o
g_u8_report_rate                                  default/usb_specific_request.o
g_usb_event                                       default/usb_task.o
                                                  default/usb_device_task.o
hid_get_hid_descriptor                            default/usb_specific_request.o
hid_get_report_descriptor                         default/usb_specific_request.o
isFirstMessage                                    default/keyboard_task.o
kbd_test_hit                                      default/keyboard_task.o
key_hit                                           default/keyboard_task.o
keyboard_task                                     default/keyboard_task.o
                                                  default/scheduler.o
keyboard_task_init                                default/keyboard_task.o
                                                  default/usb_device_task.o
                                                  default/scheduler.o
keysCounter                                       default/keyboard_task.o
main                                              default/main.o
                                                  /usr/lib/gcc/avr/7.4.0/../../../../avr/lib/avr51/crtat90usb1286.o
modifier                                          default/keyboard_task.o
modifierKeysToRead                                default/keyboard_task.o
pbuffer                                           default/usb_standard_request.o
                                                  default/usb_specific_request.o
process_key                                       default/keyboard_task.o
remote_wakeup_feature                             default/usb_standard_request.o
                                                  default/usb_task.o
                                                  default/usb_device_task.o
                                                  default/keyboard_task.o
scheduler                                         default/scheduler.o
                                                  default/main.o
scheduler_empty_fct                               default/scheduler.o
scheduler_init                                    default/scheduler.o
scheduler_tasks                                   default/scheduler.o
sendNothing                                       default/keyboard_task.o
set_adc_noise_reduction_mode                      default/power_drv.o
set_ext_standby_mode                              default/power_drv.o
set_idle_mode                                     default/power_drv.o
set_power_down_mode                               default/power_drv.o
                                                  default/keyboard_task.o
set_power_save_mode                               default/power_drv.o
set_standby_mode                                  default/power_drv.o
shouldSleep                                       default/keyboard_task.o
suspend_action                                    default/keyboard_task.o
                                                  default/usb_task.o
transmit_no_key                                   default/keyboard_task.o
usb_conf_desc                                     default/usb_descriptors.o
                                                  default/usb_standard_request.o
                                                  default/usb_specific_request.o
usb_config_ep                                     default/usb_drv.o
                                                  default/usb_specific_request.o
usb_configuration_nb                              default/usb_standard_request.o
                                                  default/usb_task.o
                                                  default/usb_device_task.o
                                                  default/keyboard_task.o
usb_connected                                     default/usb_device_task.o
usb_data_to_send                                  default/keyboard_task.o
usb_dev_desc                                      default/usb_descriptors.o
                                                  default/usb_standard_request.o
usb_device_task                                   default/usb_device_task.o
                                                  default/usb_task.o
usb_device_task_init                              default/usb_device_task.o
                                                  default/usb_task.o
usb_generate_remote_wakeup                        default/usb_standard_request.o
                                                  default/keyboard_task.o
usb_halt_endpoint                                 default/usb_drv.o
usb_hid_get_idle                                  default/usb_specific_request.o
usb_hid_report_descriptor_kbd                     default/usb_descriptors.o
                                                  default/usb_specific_request.o
usb_hid_set_idle                                  default/usb_specific_request.o
usb_hid_set_report_ouput                          default/usb_specific_request.o
usb_init_device                                   default/usb_drv.o
                                                  default/usb_task.o
                                                  default/usb_device_task.o
usb_kbd_state                                     default/keyboard_task.o
usb_key                                           default/keyboard_task.o
usb_key_pointer                                   default/keyboard_task.o
usb_keys                                          default/keyboard_task.o
usb_process_request                               default/usb_standard_request.o
                                                  default/usb_device_task.o
usb_read_packet                                   default/usb_drv.o
usb_select_enpoint_interrupt                      default/usb_drv.o
usb_send_packet                                   default/usb_drv.o
usb_start_device                                  default/usb_device_task.o
usb_suspended                                     default/usb_device_task.o
usb_task                                          default/usb_task.o
                                                  default/scheduler.o
usb_task_init                                     default/usb_task.o
                                                  default/scheduler.o
usb_user_endpoint_init                            default/usb_specific_request.o
                                                  default/usb_standard_request.o
usb_user_get_descriptor                           default/usb_specific_request.o
                                                  default/usb_standard_request.o
usb_user_interface_get                            default/usb_specific_request.o
                                                  default/usb_standard_request.o
usb_user_interface_reset                          default/usb_specific_request.o
                                                  default/usb_standard_request.o
usb_user_language_id                              default/usb_descriptors.o
                                                  default/usb_specific_request.o
usb_user_manufacturer_string_descriptor           default/usb_descriptors.o
                                                  default/usb_specific_request.o
usb_user_product_string_descriptor                default/usb_descriptors.o
                                                  default/usb_specific_request.o
usb_user_read_request                             default/usb_specific_request.o
                                                  default/usb_standard_request.o
vbus_off_action                                   default/keyboard_task.o
wdtdrv_disable                                    default/wdt_drv.o
                                                  default/main.o
wdtdrv_enable                                     default/wdt_drv.o
wdtdrv_interrupt_enable                           default/wdt_drv.o
wdtdrv_interrupt_reset_enable                     default/wdt_drv.o
